exports[`<App /> should contain the name of the application 1`] = `
<div>
  <Connect(HeadingComponent) />
  <Connect(LoginComponent) />
</div>
`;
